WARNING: Method definition (::Type{ITensorMPS.MPS})(TensorCrossInterpolation.TensorTrain{T, N} where N) where {T} in module TCIITensorConversion at /Users/francesca/.julia/packages/TensorCrossInterpolation/mqCuS/ext/TCIITensorConversion/ttmpsconversion.jl:1 overwritten in module TCIITensorConversion at /Users/francesca/.julia/packages/TCIITensorConversion/lz6XR/src/ttmpsconversion.jl:12.
ERROR: Method overwriting is not permitted during Module precompilation. Use `__precompile__(false)` to opt-out of precompilation.
output_folder = "time_evolve/run_20260824_161016"
Initial velocity field defined. Time: 0.0
updating site 1
site 1 CG residual norm: 4.95007417061224e-6
updating site 2
site 2 CG residual norm: 1.7367526792721094e-8
updating site 3
site 3 CG residual norm: 8.443205293433522e-9
updating site 4
site 4 CG residual norm: 4.792049390998346e-9
updating site 5
site 5 CG residual norm: 1.1091918191342067e-7
updating site 6
site 6 CG residual norm: 2.3396900176656984e-6
updating site 7
site 7 CG residual norm: 5.378701776269494e-6
updating site 8
site 8 CG residual norm: 3.374209731429318e-6
updating site 9
site 9 CG residual norm: 2.3361724077352663e-9
updating site 10
site 10 CG residual norm: 6.095244977662408e-14
updating site 9
site 9 CG residual norm: 1.2794154526305861e-11
updating site 8
site 8 CG residual norm: 2.4458182864370496e-8
updating site 7
site 7 CG residual norm: 1.2401105086767668e-6
updating site 6
site 6 CG residual norm: 4.639906458474651e-7
updating site 5
site 5 CG residual norm: 6.639044232704632e-8
updating site 4
site 4 CG residual norm: 4.863395514854846e-10
updating site 3
site 3 CG residual norm: 1.888094166477618e-9
updating site 2
site 2 CG residual norm: 4.1260573359733724e-13
updating site 1
site 1 CG residual norm: 1.212553368821164e-13
Energy: 16056.795968756202
updating site 1
site 1 CG residual norm: 1.212553368821164e-13
updating site 2
site 2 CG residual norm: 4.135662011698841e-13
updating site 3
site 3 CG residual norm: 8.478346333218483e-13
updating site 4
site 4 CG residual norm: 9.570282536787295e-10
updating site 5
site 5 CG residual norm: 7.404186037174453e-8
updating site 6
site 6 CG residual norm: 9.293455125096492e-7
updating site 7
site 7 CG residual norm: 1.788552258471708e-6
updating site 8
site 8 CG residual norm: 2.2969892881649833e-6
updating site 9
site 9 CG residual norm: 1.312145001767353e-9
updating site 10
site 10 CG residual norm: 8.871632693826002e-13
updating site 9
site 9 CG residual norm: 1.2128643759646815e-11
updating site 8
site 8 CG residual norm: 2.8648867473875485e-8
updating site 7
site 7 CG residual norm: 5.861493284175974e-7
updating site 6
site 6 CG residual norm: 1.6537736600762244e-7
updating site 5
site 5 CG residual norm: 2.4133210401730802e-8
updating site 4
site 4 CG residual norm: 2.1361685314677898e-10
updating site 3
site 3 CG residual norm: 6.031734365713093e-10
updating site 2
site 2 CG residual norm: 9.812145838504247e-13
updating site 1
site 1 CG residual norm: 2.0488043054327022e-13
Energy: 16056.795969313174
updating site 1
site 1 CG residual norm: 3.3305935016188414e-6
updating site 2
site 2 CG residual norm: 1.3043855960884552e-7
updating site 3
site 3 CG residual norm: 1.4805249449813767e-8
updating site 4
site 4 CG residual norm: 7.62238343682889e-7
updating site 5
site 5 CG residual norm: 2.641868647505819e-5
updating site 6
site 6 CG residual norm: 0.00019564054219721748
updating site 7
site 7 CG residual norm: 0.00031222649364596555
updating site 8
site 8 CG residual norm: 0.00010104672540597298
updating site 9
site 9 CG residual norm: 1.675717378603447e-6
updating site 10
site 10 CG residual norm: 2.0578074111238304e-13
updating site 9
site 9 CG residual norm: 8.536822300291223e-8
updating site 8
site 8 CG residual norm: 7.805914701859202e-6
updating site 7
site 7 CG residual norm: 5.012867279675935e-5
updating site 6
site 6 CG residual norm: 5.92318408641577e-5
updating site 5
site 5 CG residual norm: 1.62379107890469e-5
updating site 4
site 4 CG residual norm: 1.5223248482366502e-7
updating site 3
site 3 CG residual norm: 3.1393513146271575e-9
updating site 2
site 2 CG residual norm: 4.4292939245262397e-13
updating site 1
site 1 CG residual norm: 3.085709357282028e-13
Energy: 16056.773181698078
updating site 1
site 1 CG residual norm: 3.085709357282028e-13
updating site 2
site 2 CG residual norm: 5.433092204410826e-13
updating site 3
site 3 CG residual norm: 1.7716934491202246e-12
updating site 4
site 4 CG residual norm: 2.3495304888477042e-7
updating site 5
site 5 CG residual norm: 1.674475297290245e-5
updating site 6
site 6 CG residual norm: 5.812142425084919e-5
updating site 7
site 7 CG residual norm: 9.490541930780884e-5
updating site 8
site 8 CG residual norm: 7.80779987856454e-5
updating site 9
site 9 CG residual norm: 6.429128374879659e-7
updating site 10
site 10 CG residual norm: 6.851017236738611e-13
updating site 9
site 9 CG residual norm: 8.278440180546571e-8
updating site 8
site 8 CG residual norm: 1.3419641395066634e-5
updating site 7
site 7 CG residual norm: 4.436622081882935e-5
updating site 6
site 6 CG residual norm: 2.4400028959015307e-5
updating site 5
site 5 CG residual norm: 1.0341378933216143e-5
updating site 4
site 4 CG residual norm: 5.395779896185129e-8
updating site 3
site 3 CG residual norm: 8.648830369628244e-10
updating site 2
site 2 CG residual norm: 8.681208258903037e-13
updating site 1
site 1 CG residual norm: 1.8799120303970213e-13
Energy: 16056.773182462453
updating site 1
site 1 CG residual norm: 3.3301810897220475e-6
updating site 2
site 2 CG residual norm: 1.3043877340011014e-7
updating site 3
site 3 CG residual norm: 1.4215760960260587e-8
updating site 4
site 4 CG residual norm: 8.270599438694415e-7
updating site 5
site 5 CG residual norm: 2.7122888470095887e-5
updating site 6
site 6 CG residual norm: 0.0001971422107798492
updating site 7
site 7 CG residual norm: 0.00031204029761712607
updating site 8
site 8 CG residual norm: 0.00010136402462869881
updating site 9
site 9 CG residual norm: 1.6990093877578273e-6
updating site 10
site 10 CG residual norm: 1.535485261370614e-13
updating site 9
site 9 CG residual norm: 8.03761044118437e-8
updating site 8
site 8 CG residual norm: 7.84688577930962e-6
updating site 7
site 7 CG residual norm: 4.983646189219927e-5
updating site 6
site 6 CG residual norm: 5.9422770085434204e-5
updating site 5
site 5 CG residual norm: 1.6766822822708818e-5
updating site 4
site 4 CG residual norm: 1.3635017874197475e-7
updating site 3
site 3 CG residual norm: 2.707729789586971e-9
updating site 2
site 2 CG residual norm: 7.291749980521476e-13
updating site 1
site 1 CG residual norm: 3.528994645492264e-13
Energy: 16056.773182417015
updating site 1
site 1 CG residual norm: 3.528994645492264e-13
updating site 2
site 2 CG residual norm: 7.927677837729562e-13
updating site 3
site 3 CG residual norm: 1.2166051317015685e-12
updating site 4
site 4 CG residual norm: 2.0450987781732144e-7
updating site 5
site 5 CG residual norm: 1.680147781499589e-5
updating site 6
site 6 CG residual norm: 5.8816044043522045e-5
updating site 7
site 7 CG residual norm: 9.523888573770197e-5
updating site 8
site 8 CG residual norm: 7.901810678207737e-5
updating site 9
site 9 CG residual norm: 6.98420879316204e-7
updating site 10
site 10 CG residual norm: 6.842924978328823e-13
updating site 9
site 9 CG residual norm: 7.908465552756861e-8
updating site 8
site 8 CG residual norm: 1.3742106683317618e-5
updating site 7
site 7 CG residual norm: 4.422947381249261e-5
updating site 6
site 6 CG residual norm: 2.49199524579804e-5
updating site 5
site 5 CG residual norm: 9.971450260265494e-6
updating site 4
site 4 CG residual norm: 6.136203952292859e-8
updating site 3
site 3 CG residual norm: 9.320155277626888e-10
updating site 2
site 2 CG residual norm: 5.560179862842599e-13
updating site 1
site 1 CG residual norm: 2.3890365013569554e-13
Energy: 16056.77318319627
updating site 1
site 1 CG residual norm: 4.950068661880855e-6
updating site 2
site 2 CG residual norm: 1.7365085983357726e-8
updating site 3
site 3 CG residual norm: 1.0802945860289067e-8
updating site 4
site 4 CG residual norm: 4.558801912098168e-9
updating site 5
site 5 CG residual norm: 1.1113985024807935e-7
updating site 6
site 6 CG residual norm: 2.3422732417193345e-6
updating site 7
site 7 CG residual norm: 5.394269166828754e-6
updating site 8
site 8 CG residual norm: 3.4358304196025925e-6
updating site 9
site 9 CG residual norm: 2.08517623773093e-9
updating site 10
site 10 CG residual norm: 8.849588964963257e-13
updating site 9
site 9 CG residual norm: 1.3643450874431653e-11
updating site 8
site 8 CG residual norm: 2.4220481613733848e-8
updating site 7
site 7 CG residual norm: 1.2352367343970826e-6
updating site 6
site 6 CG residual norm: 4.5970402890014707e-7
updating site 5
site 5 CG residual norm: 7.254276583948682e-8
updating site 4
site 4 CG residual norm: 4.823153871584271e-10
updating site 3
site 3 CG residual norm: 1.7487285660030377e-9
updating site 2
site 2 CG residual norm: 4.0444222730769433e-13
updating site 1
site 1 CG residual norm: 1.1331778572938731e-13
Energy: 16056.795965481448
updating site 1
site 1 CG residual norm: 1.1331778572938731e-13
updating site 2
site 2 CG residual norm: 4.1189752703950465e-13
updating site 3
site 3 CG residual norm: 8.638589936167144e-13
updating site 4
site 4 CG residual norm: 8.793911344936462e-10
updating site 5
site 5 CG residual norm: 7.461544167889678e-8
updating site 6
site 6 CG residual norm: 9.13303568667832e-7
updating site 7
site 7 CG residual norm: 1.6886926492718088e-6
updating site 8
site 8 CG residual norm: 2.379450693599252e-6
updating site 9
site 9 CG residual norm: 1.4769403678086514e-9
updating site 10
site 10 CG residual norm: 6.041293426776759e-13
updating site 9
site 9 CG residual norm: 9.23539494095887e-12
updating site 8
site 8 CG residual norm: 3.007574393022789e-8
updating site 7
site 7 CG residual norm: 5.540493189588694e-7
updating site 6
site 6 CG residual norm: 1.6665508679293208e-7
updating site 5
site 5 CG residual norm: 2.2636461079912992e-8
updating site 4
site 4 CG residual norm: 5.044068702041253e-10
updating site 3
site 3 CG residual norm: 5.436996920639305e-10
updating site 2
site 2 CG residual norm: 7.35497420492714e-13
updating site 1
site 1 CG residual norm: 2.0540594754021749e-13
Energy: 16056.795966035548
(norm(vx), norm(vy)) = (506.86132489156495, 0.3878152358639602)
Time: 0.0001953125
updating site 1
site 1 CG residual norm: 133.55343899992639
updating site 2
site 2 CG residual norm: 332721.74776862294
updating site 3
site 3 CG residual norm: 91327.43913780156
updating site 4
site 4 CG residual norm: 7289.004689197125
updating site 5
site 5 CG residual norm: 444.6099742801745
updating site 6
site 6 CG residual norm: 28.33825690328216
updating site 7
site 7 CG residual norm: 1.790289360138994
updating site 8
site 8 CG residual norm: 0.14700440737645518
updating site 9
site 9 CG residual norm: 0.006445643578613195
updating site 10
site 10 CG residual norm: 0.0003690406598145133
updating site 9
site 9 CG residual norm: 7.886170640215805e-6
updating site 8
site 8 CG residual norm: 6.163359026431835e-5
updating site 7
site 7 CG residual norm: 7.712883749675267e-6
updating site 6
site 6 CG residual norm: 1.2443944605932857e-6
updating site 5
site 5 CG residual norm: 1.286580447752791e-7
updating site 4
site 4 CG residual norm: 4.90242155801053e-9
updating site 3
site 3 CG residual norm: 1.920444795341475e-9
updating site 2
site 2 CG residual norm: 8.505423489797935e-13
updating site 1
site 1 CG residual norm: 1.3593647844726847e-13
Energy: 16056.761746827866
updating site 1
site 1 CG residual norm: 1.3593647844726847e-13
updating site 2
site 2 CG residual norm: 8.614806984410561e-13
updating site 3
site 3 CG residual norm: 9.453118059102069e-13
updating site 4
site 4 CG residual norm: 8.246231506479488e-10
updating site 5
site 5 CG residual norm: 2.2610132286294646e-8
updating site 6
site 6 CG residual norm: 2.9861546255613305e-7
updating site 7
site 7 CG residual norm: 2.224538416641919e-6
updating site 8
site 8 CG residual norm: 2.1238936077394674e-5
updating site 9
site 9 CG residual norm: 4.3467921630005257e-7
updating site 10
site 10 CG residual norm: 5.342502991343047e-13
updating site 9
site 9 CG residual norm: 2.374495356712703e-9
updating site 8
site 8 CG residual norm: 4.718271076031879e-7
updating site 7
site 7 CG residual norm: 1.3527719561373897e-6
updating site 6
site 6 CG residual norm: 4.809120107258139e-7
updating site 5
site 5 CG residual norm: 2.5559180412055706e-8
updating site 4
site 4 CG residual norm: 5.872060605469472e-10
updating site 3
site 3 CG residual norm: 1.704968434271573e-10
updating site 2
site 2 CG residual norm: 8.25144093425017e-13
updating site 1
site 1 CG residual norm: 7.052592226320119e-14
Energy: 16056.761749730318
updating site 1
site 1 CG residual norm: 3251.128491764766
updating site 2
site 2 CG residual norm: 277701.652673249
updating site 3
site 3 CG residual norm: 95323.34903261562
updating site 4
site 4 CG residual norm: 6698.071156731009
updating site 5
site 5 CG residual norm: 4151.329289712817
updating site 6
site 6 CG residual norm: 331.41470671524456
updating site 7
site 7 CG residual norm: 19.588685431608052
updating site 8
site 8 CG residual norm: 5.321877737733926
updating site 9
site 9 CG residual norm: 0.32759796018557813
updating site 10
site 10 CG residual norm: 0.00037133860167453954
updating site 9
site 9 CG residual norm: 0.0036097761354336047
updating site 8
site 8 CG residual norm: 0.004937723190401825
updating site 7
site 7 CG residual norm: 0.0005621070197374984
updating site 6
site 6 CG residual norm: 0.0002560164113332823
updating site 5
site 5 CG residual norm: 8.885229172512523e-5
updating site 4
site 4 CG residual norm: 6.747894772347664e-7
updating site 3
site 3 CG residual norm: 1.5700302456151682e-8
updating site 2
site 2 CG residual norm: 8.991318158710124e-13
updating site 1
site 1 CG residual norm: 1.9059539214991728e-13
Energy: 16056.738945827256
updating site 1
site 1 CG residual norm: 1.9059539214991728e-13
updating site 2
site 2 CG residual norm: 9.161275014420626e-13
updating site 3
site 3 CG residual norm: 2.2445687821727114e-12
updating site 4
site 4 CG residual norm: 1.1149353572557516e-7
updating site 5
site 5 CG residual norm: 1.4767559992600974e-5
updating site 6
site 6 CG residual norm: 6.54359017898074e-5
updating site 7
site 7 CG residual norm: 0.00021097225499479625
updating site 8
site 8 CG residual norm: 0.0006209139133010542
updating site 9
site 9 CG residual norm: 4.18211884150845e-5
updating site 10
site 10 CG residual norm: 4.225362456030952e-13
updating site 9
site 9 CG residual norm: 2.7675694961463545e-6
updating site 8
site 8 CG residual norm: 8.161786410319263e-5
updating site 7
site 7 CG residual norm: 0.00014335480504916
updating site 6
site 6 CG residual norm: 9.794860144917324e-5
updating site 5
site 5 CG residual norm: 2.7510830087776906e-5
updating site 4
site 4 CG residual norm: 1.574534746600317e-7
updating site 3
site 3 CG residual norm: 3.2705745065168564e-9
updating site 2
site 2 CG residual norm: 7.46784716680565e-13
updating site 1
site 1 CG residual norm: 2.585033284621189e-13
Energy: 16056.738955560133
updating site 1
site 1 CG residual norm: 3251.128491341064
updating site 2
site 2 CG residual norm: 277701.652897316
updating site 3
site 3 CG residual norm: 95323.34927222485
updating site 4
site 4 CG residual norm: 6698.071181905266
updating site 5
site 5 CG residual norm: 4151.329317859942
updating site 6
site 6 CG residual norm: 331.41471101867285
updating site 7
site 7 CG residual norm: 19.5886841217606
updating site 8
site 8 CG residual norm: 5.321877672486174
updating site 9
site 9 CG residual norm: 0.33000884804357755
updating site 10
site 10 CG residual norm: 0.000316231763395127
updating site 9
site 9 CG residual norm: 0.003099186639122293
updating site 8
site 8 CG residual norm: 0.004935942793812812
updating site 7
site 7 CG residual norm: 0.0005629485581296007
updating site 6
site 6 CG residual norm: 0.0002551234041256301
updating site 5
site 5 CG residual norm: 8.836596810446564e-5
updating site 4
site 4 CG residual norm: 6.471246304278857e-7
updating site 3
site 3 CG residual norm: 1.5822699935969162e-8
updating site 2
site 2 CG residual norm: 7.577894940459113e-13
updating site 1
site 1 CG residual norm: 2.3360350484194663e-13
Energy: 16056.73894657626
updating site 1
site 1 CG residual norm: 2.3360350484194663e-13
updating site 2
site 2 CG residual norm: 7.732940336349138e-13
updating site 3
site 3 CG residual norm: 1.3906865299361476e-12
updating site 4
site 4 CG residual norm: 1.074109228096057e-7
updating site 5
site 5 CG residual norm: 1.4562278844686479e-5
updating site 6
site 6 CG residual norm: 6.471228825524979e-5
updating site 7
site 7 CG residual norm: 0.00021028588811290082
updating site 8
site 8 CG residual norm: 0.0006220833572176404
updating site 9
site 9 CG residual norm: 4.05882804775438e-5
updating site 10
site 10 CG residual norm: 6.021641076515206e-13
updating site 9
site 9 CG residual norm: 3.130939706849744e-6
updating site 8
site 8 CG residual norm: 8.23675613224802e-5
updating site 7
site 7 CG residual norm: 0.00014222386533213998
updating site 6
site 6 CG residual norm: 9.802757610188846e-5
updating site 5
site 5 CG residual norm: 2.7247670029942135e-5
updating site 4
site 4 CG residual norm: 1.623403085707704e-7
updating site 3
site 3 CG residual norm: 3.2472621997543564e-9
updating site 2
site 2 CG residual norm: 7.826541532312577e-13
updating site 1
site 1 CG residual norm: 2.5201582063408507e-13
Energy: 16056.738956330613
updating site 1
site 1 CG residual norm: 133.55343883327456
updating site 2
site 2 CG residual norm: 332721.7477696922
updating site 3
site 3 CG residual norm: 91327.43913775207
updating site 4
site 4 CG residual norm: 7289.004689225636
updating site 5
site 5 CG residual norm: 444.60997424060264
updating site 6
site 6 CG residual norm: 28.33825691864069
updating site 7
site 7 CG residual norm: 1.7902894413416233
updating site 8
site 8 CG residual norm: 0.14700505027779961
updating site 9
site 9 CG residual norm: 0.006950148193157582
updating site 10
site 10 CG residual norm: 3.433479276213717e-5
updating site 9
site 9 CG residual norm: 7.128654693519553e-6
updating site 8
site 8 CG residual norm: 6.173013838062466e-5
updating site 7
site 7 CG residual norm: 7.721116270542495e-6
updating site 6
site 6 CG residual norm: 1.2487489912270734e-6
updating site 5
site 5 CG residual norm: 1.2743292142089224e-7
updating site 4
site 4 CG residual norm: 5.85202866746671e-9
updating site 3
site 3 CG residual norm: 1.9554833055943277e-9
updating site 2
site 2 CG residual norm: 7.263013926923272e-13
updating site 1
site 1 CG residual norm: 1.5855777788990162e-13
Energy: 16056.761744429894
updating site 1
site 1 CG residual norm: 1.5855777788990162e-13
updating site 2
site 2 CG residual norm: 7.365070962526305e-13
updating site 3
site 3 CG residual norm: 9.204537894679133e-13
updating site 4
site 4 CG residual norm: 5.858911833016863e-10
updating site 5
site 5 CG residual norm: 2.240163231350478e-8
updating site 6
site 6 CG residual norm: 2.941025065579404e-7
updating site 7
site 7 CG residual norm: 2.2143188317501277e-6
updating site 8
site 8 CG residual norm: 2.114092433303363e-5
updating site 9
site 9 CG residual norm: 4.3599967335296844e-7
updating site 10
site 10 CG residual norm: 6.097327605692725e-14
updating site 9
site 9 CG residual norm: 2.261184332119246e-9
updating site 8
site 8 CG residual norm: 4.7505860738806385e-7
updating site 7
site 7 CG residual norm: 1.373573220887217e-6
updating site 6
site 6 CG residual norm: 4.995666525400711e-7
updating site 5
site 5 CG residual norm: 2.508899428359722e-8
updating site 4
site 4 CG residual norm: 5.973872726117047e-10
updating site 3
site 3 CG residual norm: 1.679790316437852e-10
updating site 2
site 2 CG residual norm: 7.764204293204162e-13
updating site 1
site 1 CG residual norm: 9.264830647126576e-14
Energy: 16056.761747302917
(norm(vx), norm(vy)) = (506.8607843827182, 0.38842002530523567)
Time: 0.000390625
updating site 1
site 1 CG residual norm: 39923.25183433983
updating site 2
site 2 CG residual norm: 248675.13194603648
updating site 3
site 3 CG residual norm: 114219.33398787737
updating site 4
site 4 CG residual norm: 7223.046142764282
updating site 5
site 5 CG residual norm: 452.7393200653249
updating site 6
site 6 CG residual norm: 29.286808486940696
updating site 7
site 7 CG residual norm: 1.7319800986812155
updating site 8
site 8 CG residual norm: 0.11638389013088425
updating site 9
site 9 CG residual norm: 0.007406333751935432
updating site 10
site 10 CG residual norm: 0.0003752419292618831
updating site 9
site 9 CG residual norm: 9.57227203620885e-6
updating site 8
site 8 CG residual norm: 2.4743916999868258e-5
updating site 7
site 7 CG residual norm: 3.6763471090525334e-6
updating site 6
site 6 CG residual norm: 3.765791069607772e-7
updating site 5
site 5 CG residual norm: 3.5970042027269204e-8
updating site 4
site 4 CG residual norm: 1.0213564904939083e-9
updating site 3
site 3 CG residual norm: 7.40363109199954e-10
updating site 2
site 2 CG residual norm: 8.17068769495151e-13
updating site 1
site 1 CG residual norm: 1.2454037373638365e-13
Energy: 16056.727566266421
updating site 1
site 1 CG residual norm: 1.2454037373638365e-13
updating site 2
site 2 CG residual norm: 8.178284480972658e-13
updating site 3
site 3 CG residual norm: 1.0026839681485046e-12
updating site 4
site 4 CG residual norm: 1.514606057621462e-10
updating site 5
site 5 CG residual norm: 6.709086447751658e-9
updating site 6
site 6 CG residual norm: 8.808440902593081e-8
updating site 7
site 7 CG residual norm: 7.010963295172277e-7
updating site 8
site 8 CG residual norm: 6.363020976072801e-6
updating site 9
site 9 CG residual norm: 1.1427483303542448e-8
updating site 10
site 10 CG residual norm: 9.76319474908974e-14
updating site 9
site 9 CG residual norm: 6.03629137064932e-11
updating site 8
site 8 CG residual norm: 4.40459611045431e-8
updating site 7
site 7 CG residual norm: 3.761318159039798e-7
updating site 6
site 6 CG residual norm: 6.757402617363713e-8
updating site 5
site 5 CG residual norm: 8.488470677360397e-9
updating site 4
site 4 CG residual norm: 1.5018523503647212e-10
updating site 3
site 3 CG residual norm: 6.649813715290591e-11
updating site 2
site 2 CG residual norm: 9.090981481811405e-13
updating site 1
site 1 CG residual norm: 1.192576589548794e-13
Energy: 16056.727566541056
updating site 1
site 1 CG residual norm: 170778.2636439448
updating site 2
site 2 CG residual norm: 382864.4407584258
updating site 3
site 3 CG residual norm: 126884.10119816111
updating site 4
site 4 CG residual norm: 7927.367403147865
updating site 5
site 5 CG residual norm: 697.5518260894712
updating site 6
site 6 CG residual norm: 138.98589474976916
updating site 7
site 7 CG residual norm: 9.707280709538905
updating site 8
site 8 CG residual norm: 1.6699508486675925
updating site 9
site 9 CG residual norm: 0.06168395674302368
updating site 10
site 10 CG residual norm: 0.00014334110536131276
updating site 9
site 9 CG residual norm: 0.0019621607262221836
updating site 8
site 8 CG residual norm: 0.003011948704535146
updating site 7
site 7 CG residual norm: 0.000474880423627316
updating site 6
site 6 CG residual norm: 0.0001266389827486312
updating site 5
site 5 CG residual norm: 2.4236459098090137e-5
updating site 4
site 4 CG residual norm: 6.734390758247192e-8
updating site 3
site 3 CG residual norm: 2.6734770713710967e-9
updating site 2
site 2 CG residual norm: 9.51887742834543e-13
updating site 1
site 1 CG residual norm: 2.83896499906111e-13
Energy: 16056.704779855554
updating site 1
site 1 CG residual norm: 2.83896499906111e-13
updating site 2
site 2 CG residual norm: 9.914790160402302e-13
updating site 3
site 3 CG residual norm: 1.0969621198203418e-12
updating site 4
site 4 CG residual norm: 2.8655883786219755e-8
updating site 5
site 5 CG residual norm: 2.1610568883143067e-6
updating site 6
site 6 CG residual norm: 2.1944619827382672e-5
updating site 7
site 7 CG residual norm: 0.0001265604311690566
updating site 8
site 8 CG residual norm: 0.0004743420318278718
updating site 9
site 9 CG residual norm: 1.1760438968887237e-5
updating site 10
site 10 CG residual norm: 1.6678666553232858e-12
updating site 9
site 9 CG residual norm: 7.759841183069858e-7
updating site 8
site 8 CG residual norm: 5.003559696230797e-5
updating site 7
site 7 CG residual norm: 5.905304953831427e-5
updating site 6
site 6 CG residual norm: 3.1876383106357853e-5
updating site 5
site 5 CG residual norm: 8.427926658197986e-6
updating site 4
site 4 CG residual norm: 1.651200809754236e-8
updating site 3
site 3 CG residual norm: 4.995595396355498e-10
updating site 2
site 2 CG residual norm: 9.182899192908782e-13
updating site 1
site 1 CG residual norm: 3.888723356851948e-13
Energy: 16056.704781511497
updating site 1
site 1 CG residual norm: 170778.26364403326
updating site 2
site 2 CG residual norm: 382864.4407590441
updating site 3
site 3 CG residual norm: 126884.10120496589
updating site 4
site 4 CG residual norm: 7927.367400470896
updating site 5
site 5 CG residual norm: 697.5518263585938
updating site 6
site 6 CG residual norm: 138.98589423919262
updating site 7
site 7 CG residual norm: 9.707280608472256
updating site 8
site 8 CG residual norm: 1.669951141643396
updating site 9
site 9 CG residual norm: 0.05917442822444131
updating site 10
site 10 CG residual norm: 0.0001520679760334879
updating site 9
site 9 CG residual norm: 0.0020246477119735353
updating site 8
site 8 CG residual norm: 0.0030205134595824336
updating site 7
site 7 CG residual norm: 0.0004746886513244202
updating site 6
site 6 CG residual norm: 0.0001266131812180704
updating site 5
site 5 CG residual norm: 2.4270017531950534e-5
updating site 4
site 4 CG residual norm: 6.705580452030143e-8
updating site 3
site 3 CG residual norm: 2.767473204739157e-9
updating site 2
site 2 CG residual norm: 9.007978810822599e-13
updating site 1
site 1 CG residual norm: 5.627500890651102e-13
Energy: 16056.70478060448
updating site 1
site 1 CG residual norm: 5.627500890651102e-13
updating site 2
site 2 CG residual norm: 9.900918685785241e-13
updating site 3
site 3 CG residual norm: 1.2713746159927288e-12
updating site 4
site 4 CG residual norm: 2.8496734141703277e-8
updating site 5
site 5 CG residual norm: 2.1597156125771303e-6
updating site 6
site 6 CG residual norm: 2.1904931739745473e-5
updating site 7
site 7 CG residual norm: 0.00012635247516016795
updating site 8
site 8 CG residual norm: 0.00047935373439770033
updating site 9
site 9 CG residual norm: 1.2108636553088116e-5
updating site 10
site 10 CG residual norm: 9.69750418741207e-14
updating site 9
site 9 CG residual norm: 7.724832282566706e-7
updating site 8
site 8 CG residual norm: 4.957671736932988e-5
updating site 7
site 7 CG residual norm: 5.8977971637388435e-5
updating site 6
site 6 CG residual norm: 3.195923278501778e-5
updating site 5
site 5 CG residual norm: 8.432148268686006e-6
updating site 4
site 4 CG residual norm: 1.650659539334525e-8
updating site 3
site 3 CG residual norm: 5.143626592678054e-10
updating site 2
site 2 CG residual norm: 8.361783667789567e-13
updating site 1
site 1 CG residual norm: 5.259475809220005e-13
Energy: 16056.704782262994
updating site 1
site 1 CG residual norm: 39923.25183429915
updating site 2
site 2 CG residual norm: 248675.13194871444
updating site 3
site 3 CG residual norm: 114219.33398458992
updating site 4
site 4 CG residual norm: 7223.04614286809
updating site 5
site 5 CG residual norm: 452.73932021762334
updating site 6
site 6 CG residual norm: 29.28680860012746
updating site 7
site 7 CG residual norm: 1.7319798031228224
updating site 8
site 8 CG residual norm: 0.1163836989430062
updating site 9
site 9 CG residual norm: 0.007407106650287989
updating site 10
site 10 CG residual norm: 0.0003753167934395638
updating site 9
site 9 CG residual norm: 9.579453399607451e-6
updating site 8
site 8 CG residual norm: 2.4756625095888725e-5
updating site 7
site 7 CG residual norm: 3.6685869363327073e-6
updating site 6
site 6 CG residual norm: 3.778153173554845e-7
updating site 5
site 5 CG residual norm: 3.588983304565827e-8
updating site 4
site 4 CG residual norm: 1.0384537052706249e-9
updating site 3
site 3 CG residual norm: 7.394833543152232e-10
updating site 2
site 2 CG residual norm: 8.195944723877747e-13
updating site 1
site 1 CG residual norm: 1.1957421462418383e-13
Energy: 16056.72756400155
updating site 1
site 1 CG residual norm: 1.1957421462418383e-13
updating site 2
site 2 CG residual norm: 8.196633399598983e-13
updating site 3
site 3 CG residual norm: 9.99979456650334e-13
updating site 4
site 4 CG residual norm: 1.5502850310816253e-10
updating site 5
site 5 CG residual norm: 6.656909810359735e-9
updating site 6
site 6 CG residual norm: 8.825708575676521e-8
updating site 7
site 7 CG residual norm: 7.102871081995356e-7
updating site 8
site 8 CG residual norm: 6.326859297931748e-6
updating site 9
site 9 CG residual norm: 1.1355222301999204e-8
updating site 10
site 10 CG residual norm: 5.4049356928499197e-14
updating site 9
site 9 CG residual norm: 5.904790297117779e-11
updating site 8
site 8 CG residual norm: 4.5108034001331893e-8
updating site 7
site 7 CG residual norm: 3.806105369672299e-7
updating site 6
site 6 CG residual norm: 6.82425330614229e-8
updating site 5
site 5 CG residual norm: 8.504963460371495e-9
updating site 4
site 4 CG residual norm: 1.4758689110545224e-10
updating site 3
site 3 CG residual norm: 6.348540231147825e-11
updating site 2
site 2 CG residual norm: 8.972363598004669e-13
updating site 1
site 1 CG residual norm: 2.0123230788718843e-13
Energy: 16056.727564278859
(norm(vx), norm(vy)) = (506.8602447455539, 0.3886724785474245)
Time: 0.0005859375000000001
updating site 1
site 1 CG residual norm: 184861.12086928746
updating site 2
site 2 CG residual norm: 276344.6697091417
updating site 3
site 3 CG residual norm: 97355.16244688469
updating site 4
site 4 CG residual norm: 6777.861537549198
updating site 5
site 5 CG residual norm: 483.0971989948097
updating site 6
site 6 CG residual norm: 30.846777131907558
updating site 7
site 7 CG residual norm: 1.8507119598054047
updating site 8
site 8 CG residual norm: 0.11331904950639819
updating site 9
site 9 CG residual norm: 0.006244936684526946
updating site 10
site 10 CG residual norm: 8.178896187664093e-5
updating site 9
site 9 CG residual norm: 9.14445435372549e-6
updating site 8
site 8 CG residual norm: 2.3717368772820806e-5
updating site 7
site 7 CG residual norm: 3.1469835223543933e-6
updating site 6
site 6 CG residual norm: 4.421216755150317e-7
updating site 5
site 5 CG residual norm: 5.079597650477461e-8
updating site 4
site 4 CG residual norm: 1.0610122350752695e-9
updating site 3
site 3 CG residual norm: 5.382481871479049e-10
updating site 2
site 2 CG residual norm: 8.420748380946363e-13
updating site 1
site 1 CG residual norm: 1.3765556607908712e-13
Energy: 16056.693392976958
updating site 1
site 1 CG residual norm: 1.3765556607908712e-13
updating site 2
site 2 CG residual norm: 8.454687178898831e-13
updating site 3
site 3 CG residual norm: 9.294097160828874e-13
updating site 4
site 4 CG residual norm: 2.2692728138449698e-10
updating site 5
site 5 CG residual norm: 8.396380847918072e-9
updating site 6
site 6 CG residual norm: 6.967243351734839e-8
updating site 7
site 7 CG residual norm: 4.378740171761355e-7
updating site 8
site 8 CG residual norm: 4.186854439899007e-6
updating site 9
site 9 CG residual norm: 6.9234150582232996e-9
updating site 10
site 10 CG residual norm: 7.768344279796052e-13
updating site 9
site 9 CG residual norm: 5.5294349271889944e-11
updating site 8
site 8 CG residual norm: 3.78979871407595e-8
updating site 7
site 7 CG residual norm: 2.0449865533677797e-7
updating site 6
site 6 CG residual norm: 4.495941288189132e-8
updating site 5
site 5 CG residual norm: 8.92355934635164e-9
updating site 4
site 4 CG residual norm: 2.43254901407226e-10
updating site 3
site 3 CG residual norm: 8.059725168626919e-11
updating site 2
site 2 CG residual norm: 5.931317181971906e-13
updating site 1
site 1 CG residual norm: 7.775940900035046e-14
Energy: 16056.693393176247
updating site 1
site 1 CG residual norm: 33699.96476256674
updating site 2
site 2 CG residual norm: 367601.16079306207
updating site 3
site 3 CG residual norm: 126277.98289592654
updating site 4
site 4 CG residual norm: 7012.045659733577
updating site 5
site 5 CG residual norm: 459.05122788420834
updating site 6
site 6 CG residual norm: 71.06299988213866
updating site 7
site 7 CG residual norm: 5.6714343705268
updating site 8
site 8 CG residual norm: 0.7916265104859932
updating site 9
site 9 CG residual norm: 0.0212462988887294
updating site 10
site 10 CG residual norm: 0.000315409921012556
updating site 9
site 9 CG residual norm: 0.0009121019842795927
updating site 8
site 8 CG residual norm: 0.001253382907522052
updating site 7
site 7 CG residual norm: 0.0003949210181428831
updating site 6
site 6 CG residual norm: 0.00011748121313961991
updating site 5
site 5 CG residual norm: 1.785573148445787e-5
updating site 4
